This is LuaTeX, Version 1.07.0 (TeX Live 2018)  (format=lualatex 2019.2.8)  26 MAR 2019 09:46
 system commands enabled.
**test.tex
(./test.tex
LaTeX2e <2018-12-01>
Lua module: luaotfload-main 2018-12-19 2.94 luaotfload entry point
Lua module: luaotfload-init 2018-12-19 2.94 luaotfload submodule / initializatio
n
Lua module: lualibs 2018-12-19 2.62 ConTeXt Lua standard libraries.
Lua module: lualibs-extended 2018-12-19 2.62 ConTeXt Lua libraries -- extended c
ollection.
Lua module: luaotfload-log 2018-12-19 2.94 luaotfload submodule / logging
Lua module: luaotfload-parsers 2018-12-19 2.94 luaotfload submodule / filelist
Lua module: luaotfload-configuration 2018-12-19 2.94 luaotfload submodule / conf
ig file reader
luaotfload | conf : Root cache directory is /home/utophii/.TinyTeX/texmf-var/lua
tex-cache/generic/names.
luaotfload | init : Loading fontloader “fontloader-2018-12-19.lua” from kpse
-resolved path “/home/utophii/.TinyTeX/texmf-dist/tex/luatex/luaotfload/fontlo
ader-2018-12-19.lua”.
Lua-only attribute luaotfload@state = 1
Lua-only attribute luaotfload@noligature = 2
Lua-only attribute luaotfload@syllabe = 3
luaotfload | init : Context OpenType loader version “3.107”
Inserting `luaotfload.node_processor' at position 1 in `pre_linebreak_filter'.
Inserting `luaotfload.node_processor' at position 1 in `hpack_filter'.
Lua module: luaotfload-loaders 2018-12-19 2.94 luaotfload submodule / callback h
andling
Inserting `luaotfload.define_font' at position 1 in `define_font'.
Lua module: luaotfload-database 2018-12-19 2.94 luaotfload submodule / database
Lua module: luaotfload-colors 2018-12-19 2.94 luaotfload submodule / color
Lua-only attribute luaotfload_color_attribute = 4
Lua module: luaotfload-resolvers 2018-12-19 2.94 luaotfload submodule / resolver
s
luaotfload | conf : Root cache directory is /home/utophii/.TinyTeX/texmf-var/lua
tex-cache/generic/names.
Lua module: luaotfload-features 2018-12-19 2.94 luaotfload submodule / features
Lua module: luaotfload-letterspace 2018-12-19 2.94 luaotfload submodule / color
Lua module: luaotfload-auxiliary 2018-12-19 2.94 luaotfload submodule / auxiliar
y functions
Inserting `luaotfload.aux.set_sscale_dimens' at position 1 in `luaotfload.patch_
font'.
Inserting `luaotfload.aux.patch_cambria_domh' at position 2 in `luaotfload.patch
_font'.
Inserting `luaotfload.aux.fixup_fontdata' at position 1 in `luaotfload.patch_fon
t_unsafe'.
Inserting `luaotfload.aux.set_capheight' at position 3 in `luaotfload.patch_font
'.
Inserting `luaotfload.rewrite_fontname' at position 4 in `luaotfload.patch_font'
.
luaotfload | main : initialization completed in 0.070 seconds
(/home/utophii/.TinyTeX/texmf-dist/tex/latex/base/article.cls
Document Class: article 2018/09/03 v1.4i Standard LaTeX document class
(/home/utophii/.TinyTeX/texmf-dist/tex/latex/base/size10.clo
File: size10.clo 2018/09/03 v1.4i Standard LaTeX file (size option)
luaotfload | db : Font names database loaded from /home/utophii/.TinyTeX/texmf-v
ar/luatex-cache/generic/names/luaotfload-names.luc)
\c@part=\count80
\c@section=\count81
\c@subsection=\count82
\c@subsubsection=\count83
\c@paragraph=\count84
\c@subparagraph=\count85
\c@figure=\count86
\c@table=\count87
\abovecaptionskip=\skip41
\belowcaptionskip=\skip42
\bibindent=\dimen102
)
(/home/utophii/.TinyTeX/texmf-dist/tex/latex/forloop/forloop.sty
Package: forloop 2006/09/18 v3.0 For Loops for LaTeX

(/home/utophii/.TinyTeX/texmf-dist/tex/latex/base/ifthen.sty
Package: ifthen 2014/09/29 v1.1c Standard LaTeX ifthen package (DPC)
))
(/home/utophii/.TinyTeX/texmf-dist/tex/latex/amsmath/amsmath.sty
Package: amsmath 2018/12/01 v2.17b AMS math features
\@mathmargin=\skip43

For additional information on amsmath, use the `?' option.
(/home/utophii/.TinyTeX/texmf-dist/tex/latex/amsmath/amstext.sty
Package: amstext 2000/06/29 v2.01 AMS text

(/home/utophii/.TinyTeX/texmf-dist/tex/latex/amsmath/amsgen.sty
File: amsgen.sty 1999/11/30 v2.0 generic functions
\@emptytoks=\toks14
\ex@=\dimen103
))
(/home/utophii/.TinyTeX/texmf-dist/tex/latex/amsmath/amsbsy.sty
Package: amsbsy 1999/11/29 v1.2d Bold Symbols
\pmbraise@=\dimen104
)
(/home/utophii/.TinyTeX/texmf-dist/tex/latex/amsmath/amsopn.sty
Package: amsopn 2016/03/08 v2.02 operator names
)
\inf@bad=\count88
LaTeX Info: Redefining \frac on input line 223.
\uproot@=\count89
\leftroot@=\count90
LaTeX Info: Redefining \overline on input line 385.
\classnum@=\count91
\DOTSCASE@=\count92
LaTeX Info: Redefining \ldots on input line 482.
LaTeX Info: Redefining \dots on input line 485.
LaTeX Info: Redefining \cdots on input line 606.
\Mathstrutbox@=\box27
\strutbox@=\box28
\big@size=\dimen105
LaTeX Font Info:    Redeclaring font encoding OML on input line 729.
LaTeX Font Info:    Redeclaring font encoding OMS on input line 730.
\macc@depth=\count93
\c@MaxMatrixCols=\count94
\dotsspace@=\muskip10
\c@parentequation=\count95
\dspbrk@lvl=\count96
\tag@help=\toks15
\row@=\count97
\column@=\count98
\maxfields@=\count99
\andhelp@=\toks16
\eqnshift@=\dimen106
\alignsep@=\dimen107
\tagshift@=\dimen108
\tagwidth@=\dimen109
\totwidth@=\dimen110
\lineht@=\dimen111
\@envbody=\toks17
\multlinegap=\skip44
\multlinetaggap=\skip45
\mathdisplay@stack=\toks18
LaTeX Info: Redefining \[ on input line 2844.
LaTeX Info: Redefining \] on input line 2845.
) (./test.aux)
\openout1 = test.aux

LaTeX Font Info:    Checking defaults for OML/cmm/m/it on input line 5.
LaTeX Font Info:    ... okay on input line 5.
LaTeX Font Info:    Checking defaults for T1/cmr/m/n on input line 5.
LaTeX Font Info:    ... okay on input line 5.
LaTeX Font Info:    Checking defaults for OT1/cmr/m/n on input line 5.
LaTeX Font Info:    ... okay on input line 5.
LaTeX Font Info:    Checking defaults for OMS/cmsy/m/n on input line 5.
LaTeX Font Info:    ... okay on input line 5.
LaTeX Font Info:    Checking defaults for TU/lmr/m/n on input line 5.
LaTeX Font Info:    ... okay on input line 5.
LaTeX Font Info:    Checking defaults for OMX/cmex/m/n on input line 5.
LaTeX Font Info:    ... okay on input line 5.
LaTeX Font Info:    Checking defaults for U/cmr/m/n on input line 5.
LaTeX Font Info:    ... okay on input line 5.

[1

{/home/utophii/.TinyTeX/texmf-var/fonts/map/pdftex/updmap/pdftex.map}]
(./test.aux))

Here is how much of LuaTeX's memory you used:
 918 strings out of 494383
 100000,89155 words of node,token memory allocated
 453 words of node memory still in use:
   5 hlist, 2 vlist, 2 rule, 2 glue, 4 kern, 1 glyph, 6 attribute, 48 glue_spec,
 6 attribute_list, 1 write nodes
   avail lists: 2:21,3:3,4:1,5:22,6:2,7:29,8:1,9:8
 5161 multiletter control sequences out of 65536+600000
 16 fonts using 854983 bytes
 27i,4n,20p,161b,125s stack positions out of 5000i,500n,10000p,200000b,100000s
</home/utophii/.TinyTeX/texmf-dist/fonts/opentype/public/lm/lmroman10-regular.ot
f></home/utophii/.TinyTeX/texmf-dist/fonts/opentype/public/lm/lmroman10-italic.o
tf>
Output written on test.pdf (1 page, 4363 bytes).

PDF statistics: 22 PDF objects out of 1000 (max. 8388607)
 12 compressed objects within 1 object stream
 0 named destinations out of 1000 (max. 131072)
 1 words of extra memory for PDF output out of 10000 (max. 100000000)

